Archive member included to satisfy reference by file (symbol)

/usr/lib/gcc/arm-none-eabi/7.1.0/../../../../arm-none-eabi/lib/thumb/v7-m/libc.a(lib_a-memset.o)
                              obj/main.o (memset)
/usr/lib/gcc/arm-none-eabi/7.1.0/../../../../arm-none-eabi/lib/thumb/v7-m/libc.a(lib_a-strchr.o)
                              obj/main.o (strchr)
/usr/lib/gcc/arm-none-eabi/7.1.0/../../../../arm-none-eabi/lib/thumb/v7-m/libc.a(lib_a-strcpy.o)
                              obj/main.o (strcpy)
/usr/lib/gcc/arm-none-eabi/7.1.0/../../../../arm-none-eabi/lib/thumb/v7-m/libc.a(lib_a-strlen-stub.o)
                              obj/main.o (strlen)

Allocating common symbols
Common symbol       size              file

xfunc_in            0x4               obj/xprintf.o
FatFs               0x238             obj/main.o
Finfo               0x98              obj/main.o
xfunc_out           0x4               obj/xprintf.o
File                0x450             obj/main.o
Timer               0x4               obj/main.o
AccSize             0x4               obj/main.o
Buff                0x1000            obj/main.o
Dir                 0x30              obj/main.o
Line                0x100             obj/main.o
AccDirs             0x2               obj/main.o
AccFiles            0x2               obj/main.o

Discarded input sections

 .data          0x0000000000000000        0x0 obj/main.o
 .data          0x0000000000000000        0x0 obj/startup_stm32f100.o
 .bss           0x0000000000000000        0x0 obj/startup_stm32f100.o
 .data          0x0000000000000000        0x0 obj/uart_stm32f1.o
 .data          0x0000000000000000        0x0 obj/xprintf.o
 .data          0x0000000000000000        0x0 obj/rtc_stm32f1.o
 .data          0x0000000000000000        0x0 obj/ff.o
 .data          0x0000000000000000        0x0 obj/ffunicode.o
 .bss           0x0000000000000000        0x0 obj/ffunicode.o
 .text          0x0000000000000000        0x0 /usr/lib/gcc/arm-none-eabi/7.1.0/../../../../arm-none-eabi/lib/thumb/v7-m/libc.a(lib_a-memset.o)
 .data          0x0000000000000000        0x0 /usr/lib/gcc/arm-none-eabi/7.1.0/../../../../arm-none-eabi/lib/thumb/v7-m/libc.a(lib_a-memset.o)
 .bss           0x0000000000000000        0x0 /usr/lib/gcc/arm-none-eabi/7.1.0/../../../../arm-none-eabi/lib/thumb/v7-m/libc.a(lib_a-memset.o)
 .text          0x0000000000000000        0x0 /usr/lib/gcc/arm-none-eabi/7.1.0/../../../../arm-none-eabi/lib/thumb/v7-m/libc.a(lib_a-strchr.o)
 .data          0x0000000000000000        0x0 /usr/lib/gcc/arm-none-eabi/7.1.0/../../../../arm-none-eabi/lib/thumb/v7-m/libc.a(lib_a-strchr.o)
 .bss           0x0000000000000000        0x0 /usr/lib/gcc/arm-none-eabi/7.1.0/../../../../arm-none-eabi/lib/thumb/v7-m/libc.a(lib_a-strchr.o)
 .text          0x0000000000000000        0x0 /usr/lib/gcc/arm-none-eabi/7.1.0/../../../../arm-none-eabi/lib/thumb/v7-m/libc.a(lib_a-strcpy.o)
 .data          0x0000000000000000        0x0 /usr/lib/gcc/arm-none-eabi/7.1.0/../../../../arm-none-eabi/lib/thumb/v7-m/libc.a(lib_a-strcpy.o)
 .bss           0x0000000000000000        0x0 /usr/lib/gcc/arm-none-eabi/7.1.0/../../../../arm-none-eabi/lib/thumb/v7-m/libc.a(lib_a-strcpy.o)
 .text          0x0000000000000000        0x0 /usr/lib/gcc/arm-none-eabi/7.1.0/../../../../arm-none-eabi/lib/thumb/v7-m/libc.a(lib_a-strlen-stub.o)
 .data          0x0000000000000000        0x0 /usr/lib/gcc/arm-none-eabi/7.1.0/../../../../arm-none-eabi/lib/thumb/v7-m/libc.a(lib_a-strlen-stub.o)
 .bss           0x0000000000000000        0x0 /usr/lib/gcc/arm-none-eabi/7.1.0/../../../../arm-none-eabi/lib/thumb/v7-m/libc.a(lib_a-strlen-stub.o)

Memory Configuration

Name             Origin             Length             Attributes
ROM              0x0000000008000000 0x0000000000020000
RAM              0x0000000020000000 0x0000000000002000
*default*        0x0000000000000000 0xffffffffffffffff

Linker script and memory map

LOAD obj/main.o
LOAD obj/startup_stm32f100.o
LOAD obj/uart_stm32f1.o
LOAD obj/xprintf.o
LOAD obj/rtc_stm32f1.o
LOAD obj/mmc_stm32f1_spi.o
LOAD obj/ff.o
LOAD obj/ffunicode.o
LOAD /usr/lib/gcc/arm-none-eabi/7.1.0/../../../../arm-none-eabi/lib/thumb/v7-m/libc.a
LOAD /usr/lib/gcc/arm-none-eabi/7.1.0/thumb/v7-m/libgcc.a
LOAD /usr/lib/gcc/arm-none-eabi/7.1.0/../../../../arm-none-eabi/lib/thumb/v7-m/libm.a
START GROUP
LOAD /usr/lib/gcc/arm-none-eabi/7.1.0/thumb/v7-m/libgcc.a
LOAD /usr/lib/gcc/arm-none-eabi/7.1.0/../../../../arm-none-eabi/lib/thumb/v7-m/libg.a
LOAD /usr/lib/gcc/arm-none-eabi/7.1.0/../../../../arm-none-eabi/lib/thumb/v7-m/libc.a
END GROUP
                0x0000000020002000                _endof_sram = (ORIGIN (RAM) + LENGTH (RAM))

.text           0x0000000008000000     0x5ea4
 *(.VECTOR)
 .VECTOR        0x0000000008000000      0x134 obj/startup_stm32f100.o
                0x0000000008000000                vector
 *(.text .text.*)
 .text          0x0000000008000134      0x12c obj/main.o
                0x00000000080001e4                SysTick_Handler
                0x000000000800021c                get_fattime
 .text.startup  0x0000000008000260      0xfc8 obj/main.o
                0x0000000008000260                main
 .text          0x0000000008001228       0x7c obj/startup_stm32f100.o
                0x0000000008001228                DebugMon_Handler
                0x0000000008001228                PendSV_Handler
                0x0000000008001228                NMI_Handler
                0x0000000008001228                UsageFault_Handler
                0x0000000008001228                Exception_Trap
                0x0000000008001228                MemManage_Handler
                0x0000000008001228                HardFault_Hander
                0x0000000008001228                BusFault_Handler
                0x000000000800122a                RTC_Alarm_IRQHandler
                0x000000000800122a                EXTI2_IRQHandler
                0x000000000800122a                EXIT1_IRQHandler
                0x000000000800122a                DMA1_CH4_IRQHandler
                0x000000000800122a                TIM1_CC_IRQHandler
                0x000000000800122a                PVD_IRQHandler
                0x000000000800122a                EXTI3_IRQHandler
                0x000000000800122a                EXTI0_IRQHandler
                0x000000000800122a                I2C2_EV_IRQHandler
                0x000000000800122a                DMA2_CH1_IRQHandler
                0x000000000800122a                TIM1_UP_TIM16_IRQHandler
                0x000000000800122a                SPI1_IRQHandler
                0x000000000800122a                TIM6_DAC_IRQHandler
                0x000000000800122a                DMA1_CH7_IRQHandler
                0x000000000800122a                ADC1_IRQHandler
                0x000000000800122a                DMA1_CH6_IRQHandler
                0x000000000800122a                USART3_IRQHandler
                0x000000000800122a                UART5_IRQHandler
                0x000000000800122a                TIM4_IRQHandler
                0x000000000800122a                I2C1_EV_IRQHandler
                0x000000000800122a                DMA2_CH5_IRQHandler
                0x000000000800122a                UART4_IRQHandler
                0x000000000800122a                DMA1_CH3_IRQHandler
                0x000000000800122a                TIM3_IRQHandler
                0x000000000800122a                RCC_IRQHandler
                0x000000000800122a                CEC_IRQHandler
                0x000000000800122a                EXTI15_10_IRQHandler
                0x000000000800122a                TIM14_IRQHandler
                0x000000000800122a                TIM13_IRQHandler
                0x000000000800122a                TIM12_IRQHandler
                0x000000000800122a                TIM7_IRQHandler
                0x000000000800122a                TIM5_IRQHandler
                0x000000000800122a                DMA1_CH2_IRQHandler
                0x000000000800122a                EXTI9_5_IRQHandler
                0x000000000800122a                TAMPER_STAMP_IRQHandler
                0x000000000800122a                RTC_WKUP_IRQHandler
                0x000000000800122a                SPI2_IRQHandler
                0x000000000800122a                DMA1_CH1_IRQHandler
                0x000000000800122a                EXTI4_IRQHandler
                0x000000000800122a                TIM1_TRG_COM_TIM17_IRQHandler
                0x000000000800122a                IRQ_Trap
                0x000000000800122a                FSMC_IRQHandler
                0x000000000800122a                WWDG_IRQHandler
                0x000000000800122a                TIM2_IRQHandler
                0x000000000800122a                USART2_IRQHandler
                0x000000000800122a                I2C2_ER_IRQHandler
                0x000000000800122a                FLASH_IRQHandler
                0x000000000800122a                SPI3_IRQHandler
                0x000000000800122a                DMA2_CH3_IRQHandler
                0x000000000800122a                DMA2_CH2_IRQHandler
                0x000000000800122a                I2C1_ER_IRQHandler
                0x000000000800122a                DMA1_CH5_IRQHandler
                0x000000000800122a                DMA2_CH4_IRQHandler
                0x000000000800122a                TIM1_BRK_TIM15_IRQHandler
                0x000000000800122c                SVC_Handler
                0x000000000800122e                Reset_Handler
 .text          0x00000000080012a4      0x180 obj/uart_stm32f1.o
                0x00000000080012a4                USART1_IRQHandler
                0x0000000008001320                uart1_test
                0x000000000800132c                uart1_getc
                0x000000000800135c                uart1_putc
                0x0000000008001394                uart1_init
 .text          0x0000000008001424      0x44c obj/xprintf.o
                0x0000000008001424                xputc
                0x0000000008001458                xputs
                0x0000000008001620                xfputs
                0x0000000008001640                xprintf
                0x000000000800165a                xsprintf
                0x0000000008001688                xfprintf
                0x00000000080016b0                put_dump
                0x000000000800174c                xgets
                0x00000000080017ac                xfgets
                0x00000000080017c8                xatoi
 .text          0x0000000008001870      0x2e0 obj/rtc_stm32f1.o
                0x0000000008001870                rtc_initialize
                0x0000000008001920                rtc_setutc
                0x000000000800199c                rtc_getutc
                0x00000000080019dc                rtc_gettime
                0x0000000008001ac0                rtc_settime
 .text          0x0000000008001b50      0x78c obj/mmc_stm32f1_spi.o
                0x0000000008001dac                disk_initialize
                0x0000000008001f68                disk_status
                0x0000000008001f7c                disk_read
                0x0000000008001ffc                disk_write
                0x00000000080020c4                disk_ioctl
                0x0000000008002298                disk_timerproc
 .text          0x00000000080022dc     0x28a8 obj/ff.o
                0x000000000800366c                f_mount
                0x00000000080036b8                f_open
                0x0000000008003874                f_read
                0x00000000080039c0                f_write
                0x0000000008003b3e                f_sync
                0x0000000008003bce                f_close
                0x0000000008003be8                f_chdrive
                0x0000000008003c0c                f_chdir
                0x0000000008003c68                f_getcwd
                0x0000000008003d72                f_lseek
                0x0000000008003ea4                f_opendir
                0x0000000008003f0c                f_closedir
                0x0000000008003f1e                f_readdir
                0x0000000008003f5c                f_stat
                0x0000000008003f9a                f_getfree
                0x0000000008004060                f_truncate
                0x0000000008004100                f_unlink
                0x00000000080041b6                f_mkdir
                0x00000000080042d8                f_rename
                0x00000000080043d4                f_chmod
                0x0000000008004426                f_utime
                0x0000000008004476                f_getlabel
                0x0000000008004514                f_setlabel
                0x000000000800461c                f_mkfs
 .text          0x0000000008004b84       0xf4 obj/ffunicode.o
                0x0000000008004b84                ff_uni2oem
                0x0000000008004bc4                ff_oem2uni
                0x0000000008004bec                ff_wtoupper
 .text.memset   0x0000000008004c78       0x94 /usr/lib/gcc/arm-none-eabi/7.1.0/../../../../arm-none-eabi/lib/thumb/v7-m/libc.a(lib_a-memset.o)
                0x0000000008004c78                memset
 .text.strchr   0x0000000008004d0c       0xe8 /usr/lib/gcc/arm-none-eabi/7.1.0/../../../../arm-none-eabi/lib/thumb/v7-m/libc.a(lib_a-strchr.o)
                0x0000000008004d0c                strchr
 .text.strcpy   0x0000000008004df4       0xbc /usr/lib/gcc/arm-none-eabi/7.1.0/../../../../arm-none-eabi/lib/thumb/v7-m/libc.a(lib_a-strcpy.o)
                0x0000000008004df4                strcpy
 .text.strlen   0x0000000008004eb0       0x5c /usr/lib/gcc/arm-none-eabi/7.1.0/../../../../arm-none-eabi/lib/thumb/v7-m/libc.a(lib_a-strlen-stub.o)
                0x0000000008004eb0                strlen
 *(.gnu.linkonce.t*)
 *(.gcc_except_table)
 *(.rodata .rodata.*)
 .rodata        0x0000000008004f0c      0x69c obj/main.o
 .rodata.str1.1
                0x00000000080055a8      0x428 obj/main.o
                                        0x431 (size before relaxing)
 .rodata.str1.1
                0x00000000080059d0       0x1a obj/xprintf.o
 .rodata        0x00000000080059ea        0xc obj/rtc_stm32f1.o
 .rodata        0x00000000080059f6       0xbc obj/ff.o
 .rodata.str1.1
                0x0000000008005ab2       0x44 obj/ff.o
                                         0x4e (size before relaxing)
 .rodata        0x0000000008005af6      0x3ae obj/ffunicode.o
 *(.gnu.linkonce.r*)

.glue_7         0x0000000008005ea4        0x0
 .glue_7        0x0000000008005ea4        0x0 linker stubs

.glue_7t        0x0000000008005ea4        0x0
 .glue_7t       0x0000000008005ea4        0x0 linker stubs

.vfp11_veneer   0x0000000008005ea4        0x0
 .vfp11_veneer  0x0000000008005ea4        0x0 linker stubs

.v4_bx          0x0000000008005ea4        0x0
 .v4_bx         0x0000000008005ea4        0x0 linker stubs

.iplt           0x0000000008005ea4        0x0
 .iplt          0x0000000008005ea4        0x0 obj/main.o

.rel.dyn        0x0000000008005ea4        0x0
 .rel.iplt      0x0000000008005ea4        0x0 obj/main.o

.ARM.excep
 *(.ARM.exidx*)
 *(.ARM.extab*)
                0x0000000008005ea4                . = ALIGN (0x4)
                0x0000000008005ea4                _etext = .
                0x0000000008005ea4                _sidata = .

.data           0x0000000020000000        0x4 load address 0x0000000008005ea4
                0x0000000020000000                _sdata = .
 *(.data .data.*)
 .data          0x0000000020000000        0x1 obj/mmc_stm32f1_spi.o
 *(.gnu.linkonce.d*)
                0x0000000020000004                . = ALIGN (0x4)
 *fill*         0x0000000020000001        0x3 
                0x0000000020000004                _edata = .

.igot.plt       0x0000000020000004        0x0 load address 0x0000000008005ea8
 .igot.plt      0x0000000020000004        0x0 obj/main.o

.bss            0x0000000020000004     0x1a94 load address 0x0000000008005ea8
                0x0000000020000004                _sbss = .
 *(.bss .bss.*)
 .bss           0x0000000020000004        0x2 obj/main.o
 .bss           0x0000000020000006      0x10c obj/uart_stm32f1.o
 *fill*         0x0000000020000112        0x2 
 .bss           0x0000000020000114        0x4 obj/xprintf.o
 .bss           0x0000000020000118        0x1 obj/rtc_stm32f1.o
 *fill*         0x0000000020000119        0x3 
 .bss           0x000000002000011c        0x9 obj/mmc_stm32f1_spi.o
 *fill*         0x0000000020000125        0x3 
 .bss           0x0000000020000128      0x10c obj/ff.o
 *(.gnu.linkonce.b*)
 *(COMMON)
 COMMON         0x0000000020000234     0x185c obj/main.o
                0x0000000020000234                FatFs
                0x000000002000046c                Finfo
                0x0000000020000504                File
                0x0000000020000954                Timer
                0x0000000020000958                AccSize
                0x000000002000095c                Buff
                0x000000002000195c                Dir
                0x000000002000198c                Line
                0x0000000020001a8c                AccDirs
                0x0000000020001a8e                AccFiles
 COMMON         0x0000000020001a90        0x8 obj/xprintf.o
                0x0000000020001a90                xfunc_in
                0x0000000020001a94                xfunc_out
                0x0000000020001a98                . = ALIGN (0x4)
                0x0000000020001a98                _ebss = .

.stack          0x0000000020001a98        0x0
 *(.stack)
 *(.STACK)
                0x0000000020001a98                . = ALIGN (0x4)
                0x0000000020001a98                _end = .

.stab
 *(.stab)

.stabstr
 *(.stabstr)

.stab.excl
 *(.stab.excl)

.stab.exclstr
 *(.stab.exclstr)

.stab.index
 *(.stab.index)

.stab.indexstr
 *(.stab.indexstr)

.comment        0x0000000000000000       0x42
 *(.comment)
 .comment       0x0000000000000000       0x21 obj/main.o
                                         0x22 (size before relaxing)
 .comment       0x0000000000000021       0x22 obj/startup_stm32f100.o
 .comment       0x0000000000000021       0x22 obj/uart_stm32f1.o
 .comment       0x0000000000000021       0x22 obj/xprintf.o
 .comment       0x0000000000000021       0x22 obj/rtc_stm32f1.o
 .comment       0x0000000000000021       0x22 obj/mmc_stm32f1_spi.o
 .comment       0x0000000000000021       0x22 obj/ff.o
 .comment       0x0000000000000021       0x22 obj/ffunicode.o
 .comment       0x0000000000000021       0x21 /usr/lib/gcc/arm-none-eabi/7.1.0/../../../../arm-none-eabi/lib/thumb/v7-m/libc.a(lib_a-memset.o)
                                         0x22 (size before relaxing)
 .comment       0x0000000000000042       0x22 /usr/lib/gcc/arm-none-eabi/7.1.0/../../../../arm-none-eabi/lib/thumb/v7-m/libc.a(lib_a-strchr.o)
 .comment       0x0000000000000042       0x22 /usr/lib/gcc/arm-none-eabi/7.1.0/../../../../arm-none-eabi/lib/thumb/v7-m/libc.a(lib_a-strcpy.o)
 .comment       0x0000000000000042       0x22 /usr/lib/gcc/arm-none-eabi/7.1.0/../../../../arm-none-eabi/lib/thumb/v7-m/libc.a(lib_a-strlen-stub.o)

.ARM.attributes
                0x0000000000000000       0x33
 .ARM.attributes
                0x0000000000000000       0x33 obj/main.o
 .ARM.attributes
                0x0000000000000033       0x33 obj/startup_stm32f100.o
 .ARM.attributes
                0x0000000000000066       0x33 obj/uart_stm32f1.o
 .ARM.attributes
                0x0000000000000099       0x33 obj/xprintf.o
 .ARM.attributes
                0x00000000000000cc       0x33 obj/rtc_stm32f1.o
 .ARM.attributes
                0x00000000000000ff       0x33 obj/mmc_stm32f1_spi.o
 .ARM.attributes
                0x0000000000000132       0x33 obj/ff.o
 .ARM.attributes
                0x0000000000000165       0x33 obj/ffunicode.o
 .ARM.attributes
                0x0000000000000198       0x2d /usr/lib/gcc/arm-none-eabi/7.1.0/../../../../arm-none-eabi/lib/thumb/v7-m/libc.a(lib_a-memset.o)
 .ARM.attributes
                0x00000000000001c5       0x2d /usr/lib/gcc/arm-none-eabi/7.1.0/../../../../arm-none-eabi/lib/thumb/v7-m/libc.a(lib_a-strchr.o)
 .ARM.attributes
                0x00000000000001f2       0x2d /usr/lib/gcc/arm-none-eabi/7.1.0/../../../../arm-none-eabi/lib/thumb/v7-m/libc.a(lib_a-strcpy.o)
 .ARM.attributes
                0x000000000000021f       0x2d /usr/lib/gcc/arm-none-eabi/7.1.0/../../../../arm-none-eabi/lib/thumb/v7-m/libc.a(lib_a-strlen-stub.o)

.debug
 *(.debug)

.line
 *(.line)

.debug_srcinfo
 *(.debug_srcinfo)

.debug_sfnames
 *(.debug_sfnames)

.debug_aranges  0x0000000000000000      0x188
 *(.debug_aranges)
 .debug_aranges
                0x0000000000000000       0x28 obj/main.o
 .debug_aranges
                0x0000000000000028       0x20 obj/startup_stm32f100.o
 .debug_aranges
                0x0000000000000048       0x20 obj/uart_stm32f1.o
 .debug_aranges
                0x0000000000000068       0x20 obj/xprintf.o
 .debug_aranges
                0x0000000000000088       0x20 obj/rtc_stm32f1.o
 .debug_aranges
                0x00000000000000a8       0x20 obj/mmc_stm32f1_spi.o
 .debug_aranges
                0x00000000000000c8       0x20 obj/ff.o
 .debug_aranges
                0x00000000000000e8       0x20 obj/ffunicode.o
 .debug_aranges
                0x0000000000000108       0x20 /usr/lib/gcc/arm-none-eabi/7.1.0/../../../../arm-none-eabi/lib/thumb/v7-m/libc.a(lib_a-memset.o)
 .debug_aranges
                0x0000000000000128       0x20 /usr/lib/gcc/arm-none-eabi/7.1.0/../../../../arm-none-eabi/lib/thumb/v7-m/libc.a(lib_a-strchr.o)
 .debug_aranges
                0x0000000000000148       0x20 /usr/lib/gcc/arm-none-eabi/7.1.0/../../../../arm-none-eabi/lib/thumb/v7-m/libc.a(lib_a-strcpy.o)
 .debug_aranges
                0x0000000000000168       0x20 /usr/lib/gcc/arm-none-eabi/7.1.0/../../../../arm-none-eabi/lib/thumb/v7-m/libc.a(lib_a-strlen-stub.o)

.debug_pubnames
 *(.debug_pubnames)

.debug_info     0x0000000000000000     0xbb99
 *(.debug_info .gnu.linkonce.wi.*)
 .debug_info    0x0000000000000000     0x26c5 obj/main.o
 .debug_info    0x00000000000026c5      0x196 obj/startup_stm32f100.o
 .debug_info    0x000000000000285b      0x239 obj/uart_stm32f1.o
 .debug_info    0x0000000000002a94      0x757 obj/xprintf.o
 .debug_info    0x00000000000031eb      0x335 obj/rtc_stm32f1.o
 .debug_info    0x0000000000003520      0xc88 obj/mmc_stm32f1_spi.o
 .debug_info    0x00000000000041a8     0x4f03 obj/ff.o
 .debug_info    0x00000000000090ab      0x241 obj/ffunicode.o
 .debug_info    0x00000000000092ec      0xe22 /usr/lib/gcc/arm-none-eabi/7.1.0/../../../../arm-none-eabi/lib/thumb/v7-m/libc.a(lib_a-memset.o)
 .debug_info    0x000000000000a10e      0x915 /usr/lib/gcc/arm-none-eabi/7.1.0/../../../../arm-none-eabi/lib/thumb/v7-m/libc.a(lib_a-strchr.o)
 .debug_info    0x000000000000aa23      0x8bc /usr/lib/gcc/arm-none-eabi/7.1.0/../../../../arm-none-eabi/lib/thumb/v7-m/libc.a(lib_a-strcpy.o)
 .debug_info    0x000000000000b2df      0x8ba /usr/lib/gcc/arm-none-eabi/7.1.0/../../../../arm-none-eabi/lib/thumb/v7-m/libc.a(lib_a-strlen-stub.o)

.debug_abbrev   0x0000000000000000     0x1801
 *(.debug_abbrev)
 .debug_abbrev  0x0000000000000000      0x327 obj/main.o
 .debug_abbrev  0x0000000000000327      0x10d obj/startup_stm32f100.o
 .debug_abbrev  0x0000000000000434      0x148 obj/uart_stm32f1.o
 .debug_abbrev  0x000000000000057c      0x2c3 obj/xprintf.o
 .debug_abbrev  0x000000000000083f      0x169 obj/rtc_stm32f1.o
 .debug_abbrev  0x00000000000009a8      0x30d obj/mmc_stm32f1_spi.o
 .debug_abbrev  0x0000000000000cb5      0x354 obj/ff.o
 .debug_abbrev  0x0000000000001009       0xf6 obj/ffunicode.o
 .debug_abbrev  0x00000000000010ff      0x1de /usr/lib/gcc/arm-none-eabi/7.1.0/../../../../arm-none-eabi/lib/thumb/v7-m/libc.a(lib_a-memset.o)
 .debug_abbrev  0x00000000000012dd      0x1c7 /usr/lib/gcc/arm-none-eabi/7.1.0/../../../../arm-none-eabi/lib/thumb/v7-m/libc.a(lib_a-strchr.o)
 .debug_abbrev  0x00000000000014a4      0x1b6 /usr/lib/gcc/arm-none-eabi/7.1.0/../../../../arm-none-eabi/lib/thumb/v7-m/libc.a(lib_a-strcpy.o)
 .debug_abbrev  0x000000000000165a      0x1a7 /usr/lib/gcc/arm-none-eabi/7.1.0/../../../../arm-none-eabi/lib/thumb/v7-m/libc.a(lib_a-strlen-stub.o)

.debug_line     0x0000000000000000     0x24d4
 *(.debug_line)
 .debug_line    0x0000000000000000      0x599 obj/main.o
 .debug_line    0x0000000000000599       0xd9 obj/startup_stm32f100.o
 .debug_line    0x0000000000000672       0xfd obj/uart_stm32f1.o
 .debug_line    0x000000000000076f      0x23c obj/xprintf.o
 .debug_line    0x00000000000009ab      0x1bc obj/rtc_stm32f1.o
 .debug_line    0x0000000000000b67      0x31c obj/mmc_stm32f1_spi.o
 .debug_line    0x0000000000000e83      0xfde obj/ff.o
 .debug_line    0x0000000000001e61       0xb9 obj/ffunicode.o
 .debug_line    0x0000000000001f1a      0x1d2 /usr/lib/gcc/arm-none-eabi/7.1.0/../../../../arm-none-eabi/lib/thumb/v7-m/libc.a(lib_a-memset.o)
 .debug_line    0x00000000000020ec      0x169 /usr/lib/gcc/arm-none-eabi/7.1.0/../../../../arm-none-eabi/lib/thumb/v7-m/libc.a(lib_a-strchr.o)
 .debug_line    0x0000000000002255      0x13d /usr/lib/gcc/arm-none-eabi/7.1.0/../../../../arm-none-eabi/lib/thumb/v7-m/libc.a(lib_a-strcpy.o)
 .debug_line    0x0000000000002392      0x142 /usr/lib/gcc/arm-none-eabi/7.1.0/../../../../arm-none-eabi/lib/thumb/v7-m/libc.a(lib_a-strlen-stub.o)

.debug_frame    0x0000000000000000      0xd34
 *(.debug_frame)
 .debug_frame   0x0000000000000000       0x9c obj/main.o
 .debug_frame   0x000000000000009c       0x50 obj/startup_stm32f100.o
 .debug_frame   0x00000000000000ec       0x70 obj/uart_stm32f1.o
 .debug_frame   0x000000000000015c      0x1a0 obj/xprintf.o
 .debug_frame   0x00000000000002fc       0xb4 obj/rtc_stm32f1.o
 .debug_frame   0x00000000000003b0      0x15c obj/mmc_stm32f1_spi.o
 .debug_frame   0x000000000000050c      0x728 obj/ff.o
 .debug_frame   0x0000000000000c34       0x58 obj/ffunicode.o
 .debug_frame   0x0000000000000c8c       0x38 /usr/lib/gcc/arm-none-eabi/7.1.0/../../../../arm-none-eabi/lib/thumb/v7-m/libc.a(lib_a-memset.o)
 .debug_frame   0x0000000000000cc4       0x30 /usr/lib/gcc/arm-none-eabi/7.1.0/../../../../arm-none-eabi/lib/thumb/v7-m/libc.a(lib_a-strchr.o)
 .debug_frame   0x0000000000000cf4       0x20 /usr/lib/gcc/arm-none-eabi/7.1.0/../../../../arm-none-eabi/lib/thumb/v7-m/libc.a(lib_a-strcpy.o)
 .debug_frame   0x0000000000000d14       0x20 /usr/lib/gcc/arm-none-eabi/7.1.0/../../../../arm-none-eabi/lib/thumb/v7-m/libc.a(lib_a-strlen-stub.o)

.debug_str      0x0000000000000000     0x12e9
 *(.debug_str)
 .debug_str     0x0000000000000000      0x8fe obj/main.o
                                        0x9e0 (size before relaxing)
 .debug_str     0x00000000000008fe       0x7b obj/startup_stm32f100.o
                                        0x199 (size before relaxing)
 .debug_str     0x0000000000000979       0x4d obj/uart_stm32f1.o
                                        0x19c (size before relaxing)
 .debug_str     0x00000000000009c6       0x5e obj/xprintf.o
                                        0x180 (size before relaxing)
 .debug_str     0x0000000000000a24       0x32 obj/rtc_stm32f1.o
                                        0x1ba (size before relaxing)
 .debug_str     0x0000000000000a56       0xc7 obj/mmc_stm32f1_spi.o
                                        0x291 (size before relaxing)
 .debug_str     0x0000000000000b1d      0x30a obj/ff.o
                                        0x7b4 (size before relaxing)
 .debug_str     0x0000000000000e27       0x1c obj/ffunicode.o
                                        0x13f (size before relaxing)
 .debug_str     0x0000000000000e43      0x39d /usr/lib/gcc/arm-none-eabi/7.1.0/../../../../arm-none-eabi/lib/thumb/v7-m/libc.a(lib_a-memset.o)
                                        0x8ac (size before relaxing)
 .debug_str     0x00000000000011e0       0x31 /usr/lib/gcc/arm-none-eabi/7.1.0/../../../../arm-none-eabi/lib/thumb/v7-m/libc.a(lib_a-strchr.o)
                                        0x58e (size before relaxing)
 .debug_str     0x0000000000001211       0x9a /usr/lib/gcc/arm-none-eabi/7.1.0/../../../../arm-none-eabi/lib/thumb/v7-m/libc.a(lib_a-strcpy.o)
                                        0x589 (size before relaxing)
 .debug_str     0x00000000000012ab       0x3e /usr/lib/gcc/arm-none-eabi/7.1.0/../../../../arm-none-eabi/lib/thumb/v7-m/libc.a(lib_a-strlen-stub.o)
                                        0x595 (size before relaxing)

.debug_loc      0x0000000000000000     0x8c97
 *(.debug_loc)
 .debug_loc     0x0000000000000000      0x41e obj/main.o
 .debug_loc     0x000000000000041e       0x43 obj/startup_stm32f100.o
 .debug_loc     0x0000000000000461      0x186 obj/uart_stm32f1.o
 .debug_loc     0x00000000000005e7      0xd29 obj/xprintf.o
 .debug_loc     0x0000000000001310      0x50d obj/rtc_stm32f1.o
 .debug_loc     0x000000000000181d      0xbdc obj/mmc_stm32f1_spi.o
 .debug_loc     0x00000000000023f9     0x61b6 obj/ff.o
 .debug_loc     0x00000000000085af      0x2fc obj/ffunicode.o
 .debug_loc     0x00000000000088ab      0x175 /usr/lib/gcc/arm-none-eabi/7.1.0/../../../../arm-none-eabi/lib/thumb/v7-m/libc.a(lib_a-memset.o)
 .debug_loc     0x0000000000008a20      0x235 /usr/lib/gcc/arm-none-eabi/7.1.0/../../../../arm-none-eabi/lib/thumb/v7-m/libc.a(lib_a-strchr.o)
 .debug_loc     0x0000000000008c55       0x21 /usr/lib/gcc/arm-none-eabi/7.1.0/../../../../arm-none-eabi/lib/thumb/v7-m/libc.a(lib_a-strcpy.o)
 .debug_loc     0x0000000000008c76       0x21 /usr/lib/gcc/arm-none-eabi/7.1.0/../../../../arm-none-eabi/lib/thumb/v7-m/libc.a(lib_a-strlen-stub.o)

.debug_macinfo
 *(.debug_macinfo)

.debug_weaknames
 *(.debug_weaknames)

.debug_funcnames
 *(.debug_funcnames)

.debug_typenames
 *(.debug_typenames)

.debug_varnames
 *(.debug_varnames)
OUTPUT(obj/ff_stm32.elf elf32-littlearm)

.debug_ranges   0x0000000000000000      0x4f0
 .debug_ranges  0x0000000000000000       0x18 obj/main.o
 .debug_ranges  0x0000000000000018       0x18 obj/xprintf.o
 .debug_ranges  0x0000000000000030       0x18 obj/rtc_stm32f1.o
 .debug_ranges  0x0000000000000048       0x38 obj/mmc_stm32f1_spi.o
 .debug_ranges  0x0000000000000080      0x430 obj/ff.o
 .debug_ranges  0x00000000000004b0       0x10 /usr/lib/gcc/arm-none-eabi/7.1.0/../../../../arm-none-eabi/lib/thumb/v7-m/libc.a(lib_a-memset.o)
 .debug_ranges  0x00000000000004c0       0x10 /usr/lib/gcc/arm-none-eabi/7.1.0/../../../../arm-none-eabi/lib/thumb/v7-m/libc.a(lib_a-strchr.o)
 .debug_ranges  0x00000000000004d0       0x10 /usr/lib/gcc/arm-none-eabi/7.1.0/../../../../arm-none-eabi/lib/thumb/v7-m/libc.a(lib_a-strcpy.o)
 .debug_ranges  0x00000000000004e0       0x10 /usr/lib/gcc/arm-none-eabi/7.1.0/../../../../arm-none-eabi/lib/thumb/v7-m/libc.a(lib_a-strlen-stub.o)

Cross Reference Table

Symbol                                            File
ADC1_IRQHandler                                   obj/startup_stm32f100.o
AccDirs                                           obj/main.o
AccFiles                                          obj/main.o
AccSize                                           obj/main.o
Buff                                              obj/main.o
BusFault_Handler                                  obj/startup_stm32f100.o
CEC_IRQHandler                                    obj/startup_stm32f100.o
DMA1_CH1_IRQHandler                               obj/startup_stm32f100.o
DMA1_CH2_IRQHandler                               obj/startup_stm32f100.o
DMA1_CH3_IRQHandler                               obj/startup_stm32f100.o
DMA1_CH4_IRQHandler                               obj/startup_stm32f100.o
DMA1_CH5_IRQHandler                               obj/startup_stm32f100.o
DMA1_CH6_IRQHandler                               obj/startup_stm32f100.o
DMA1_CH7_IRQHandler                               obj/startup_stm32f100.o
DMA2_CH1_IRQHandler                               obj/startup_stm32f100.o
DMA2_CH2_IRQHandler                               obj/startup_stm32f100.o
DMA2_CH3_IRQHandler                               obj/startup_stm32f100.o
DMA2_CH4_IRQHandler                               obj/startup_stm32f100.o
DMA2_CH5_IRQHandler                               obj/startup_stm32f100.o
DebugMon_Handler                                  obj/startup_stm32f100.o
Dir                                               obj/main.o
EXIT1_IRQHandler                                  obj/startup_stm32f100.o
EXTI0_IRQHandler                                  obj/startup_stm32f100.o
EXTI15_10_IRQHandler                              obj/startup_stm32f100.o
EXTI2_IRQHandler                                  obj/startup_stm32f100.o
EXTI3_IRQHandler                                  obj/startup_stm32f100.o
EXTI4_IRQHandler                                  obj/startup_stm32f100.o
EXTI9_5_IRQHandler                                obj/startup_stm32f100.o
Exception_Trap                                    obj/startup_stm32f100.o
FLASH_IRQHandler                                  obj/startup_stm32f100.o
FSMC_IRQHandler                                   obj/startup_stm32f100.o
FatFs                                             obj/main.o
File                                              obj/main.o
Finfo                                             obj/main.o
HardFault_Hander                                  obj/startup_stm32f100.o
I2C1_ER_IRQHandler                                obj/startup_stm32f100.o
I2C1_EV_IRQHandler                                obj/startup_stm32f100.o
I2C2_ER_IRQHandler                                obj/startup_stm32f100.o
I2C2_EV_IRQHandler                                obj/startup_stm32f100.o
IRQ_Trap                                          obj/startup_stm32f100.o
Line                                              obj/main.o
MemManage_Handler                                 obj/startup_stm32f100.o
NMI_Handler                                       obj/startup_stm32f100.o
PVD_IRQHandler                                    obj/startup_stm32f100.o
PendSV_Handler                                    obj/startup_stm32f100.o
RCC_IRQHandler                                    obj/startup_stm32f100.o
RTC_Alarm_IRQHandler                              obj/startup_stm32f100.o
RTC_WKUP_IRQHandler                               obj/startup_stm32f100.o
Reset_Handler                                     obj/startup_stm32f100.o
SPI1_IRQHandler                                   obj/startup_stm32f100.o
SPI2_IRQHandler                                   obj/startup_stm32f100.o
SPI3_IRQHandler                                   obj/startup_stm32f100.o
SVC_Handler                                       obj/startup_stm32f100.o
SysTick_Handler                                   obj/main.o
TAMPER_STAMP_IRQHandler                           obj/startup_stm32f100.o
TIM12_IRQHandler                                  obj/startup_stm32f100.o
TIM13_IRQHandler                                  obj/startup_stm32f100.o
TIM14_IRQHandler                                  obj/startup_stm32f100.o
TIM1_BRK_TIM15_IRQHandler                         obj/startup_stm32f100.o
TIM1_CC_IRQHandler                                obj/startup_stm32f100.o
TIM1_TRG_COM_TIM17_IRQHandler                     obj/startup_stm32f100.o
TIM1_UP_TIM16_IRQHandler                          obj/startup_stm32f100.o
TIM2_IRQHandler                                   obj/startup_stm32f100.o
TIM3_IRQHandler                                   obj/startup_stm32f100.o
TIM4_IRQHandler                                   obj/startup_stm32f100.o
TIM5_IRQHandler                                   obj/startup_stm32f100.o
TIM6_DAC_IRQHandler                               obj/startup_stm32f100.o
TIM7_IRQHandler                                   obj/startup_stm32f100.o
Timer                                             obj/main.o
UART4_IRQHandler                                  obj/startup_stm32f100.o
UART5_IRQHandler                                  obj/startup_stm32f100.o
USART1_IRQHandler                                 obj/uart_stm32f1.o
                                                  obj/startup_stm32f100.o
USART2_IRQHandler                                 obj/startup_stm32f100.o
USART3_IRQHandler                                 obj/startup_stm32f100.o
UsageFault_Handler                                obj/startup_stm32f100.o
WWDG_IRQHandler                                   obj/startup_stm32f100.o
_ebss                                             obj/startup_stm32f100.o
_edata                                            obj/startup_stm32f100.o
_endof_sram                                       obj/startup_stm32f100.o
_sbss                                             obj/startup_stm32f100.o
_sdata                                            obj/startup_stm32f100.o
_sidata                                           obj/startup_stm32f100.o
disk_initialize                                   obj/mmc_stm32f1_spi.o
                                                  obj/ff.o
                                                  obj/main.o
disk_ioctl                                        obj/mmc_stm32f1_spi.o
                                                  obj/ff.o
                                                  obj/main.o
disk_read                                         obj/mmc_stm32f1_spi.o
                                                  obj/ff.o
                                                  obj/main.o
disk_status                                       obj/mmc_stm32f1_spi.o
                                                  obj/ff.o
disk_timerproc                                    obj/mmc_stm32f1_spi.o
                                                  obj/main.o
disk_write                                        obj/mmc_stm32f1_spi.o
                                                  obj/ff.o
                                                  obj/main.o
f_chdir                                           obj/ff.o
                                                  obj/main.o
f_chdrive                                         obj/ff.o
f_chmod                                           obj/ff.o
                                                  obj/main.o
f_close                                           obj/ff.o
                                                  obj/main.o
f_closedir                                        obj/ff.o
f_getcwd                                          obj/ff.o
                                                  obj/main.o
f_getfree                                         obj/ff.o
                                                  obj/main.o
f_getlabel                                        obj/ff.o
                                                  obj/main.o
f_lseek                                           obj/ff.o
                                                  obj/main.o
f_mkdir                                           obj/ff.o
                                                  obj/main.o
f_mkfs                                            obj/ff.o
                                                  obj/main.o
f_mount                                           obj/ff.o
                                                  obj/main.o
f_open                                            obj/ff.o
                                                  obj/main.o
f_opendir                                         obj/ff.o
                                                  obj/main.o
f_read                                            obj/ff.o
                                                  obj/main.o
f_readdir                                         obj/ff.o
                                                  obj/main.o
f_rename                                          obj/ff.o
                                                  obj/main.o
f_setlabel                                        obj/ff.o
                                                  obj/main.o
f_stat                                            obj/ff.o
f_sync                                            obj/ff.o
f_truncate                                        obj/ff.o
                                                  obj/main.o
f_unlink                                          obj/ff.o
                                                  obj/main.o
f_utime                                           obj/ff.o
                                                  obj/main.o
f_write                                           obj/ff.o
                                                  obj/main.o
ff_oem2uni                                        obj/ffunicode.o
                                                  obj/ff.o
ff_uni2oem                                        obj/ffunicode.o
                                                  obj/ff.o
ff_wtoupper                                       obj/ffunicode.o
                                                  obj/ff.o
get_fattime                                       obj/main.o
                                                  obj/ff.o
main                                              obj/main.o
                                                  obj/startup_stm32f100.o
memset                                            /usr/lib/gcc/arm-none-eabi/7.1.0/../../../../arm-none-eabi/lib/thumb/v7-m/libc.a(lib_a-memset.o)
                                                  obj/main.o
put_dump                                          obj/xprintf.o
                                                  obj/main.o
rtc_gettime                                       obj/rtc_stm32f1.o
                                                  obj/main.o
rtc_getutc                                        obj/rtc_stm32f1.o
rtc_initialize                                    obj/rtc_stm32f1.o
                                                  obj/main.o
rtc_settime                                       obj/rtc_stm32f1.o
                                                  obj/main.o
rtc_setutc                                        obj/rtc_stm32f1.o
strchr                                            /usr/lib/gcc/arm-none-eabi/7.1.0/../../../../arm-none-eabi/lib/thumb/v7-m/libc.a(lib_a-strchr.o)
                                                  obj/main.o
strcpy                                            /usr/lib/gcc/arm-none-eabi/7.1.0/../../../../arm-none-eabi/lib/thumb/v7-m/libc.a(lib_a-strcpy.o)
                                                  obj/main.o
strlen                                            /usr/lib/gcc/arm-none-eabi/7.1.0/../../../../arm-none-eabi/lib/thumb/v7-m/libc.a(lib_a-strlen-stub.o)
                                                  obj/main.o
uart1_getc                                        obj/uart_stm32f1.o
                                                  obj/main.o
uart1_init                                        obj/uart_stm32f1.o
                                                  obj/main.o
uart1_putc                                        obj/uart_stm32f1.o
                                                  obj/main.o
uart1_test                                        obj/uart_stm32f1.o
vector                                            obj/startup_stm32f100.o
xatoi                                             obj/xprintf.o
                                                  obj/main.o
xfgets                                            obj/xprintf.o
xfprintf                                          obj/xprintf.o
xfputs                                            obj/xprintf.o
xfunc_in                                          obj/xprintf.o
                                                  obj/main.o
xfunc_out                                         obj/xprintf.o
                                                  obj/main.o
xgets                                             obj/xprintf.o
                                                  obj/main.o
xprintf                                           obj/xprintf.o
                                                  obj/main.o
xputc                                             obj/xprintf.o
                                                  obj/main.o
xputs                                             obj/xprintf.o
                                                  obj/main.o
xsprintf                                          obj/xprintf.o
